2026-06-01 08:49:59,458 | INFO | src.db | Discovered model files: {'purchasing': PosixPath('/home/pralay/workspace/olap-pydash-app/models/purchasing.yaml'), 'sales': PosixPath('/home/pralay/workspace/olap-pydash-app/models/sales.yaml')}
2026-06-01 08:49:59,471 | INFO | src.db | Databricks config loaded: mode=sql, host=https://adb-3788779363860601.1.azuredatabricks.net/, catalog=testdata, schema=gold
2026-06-01 08:49:59,472 | INFO | src.db | Creating Databricks backend mode=sql for model=Purchasing Model
2026-06-01 08:49:59,472 | INFO | src.db | Initialized SQL backend for model=Purchasing Model
2026-06-01 08:49:59,472 | INFO | src.db | Building SQL for request: rows=[] columns=[] metrics=[] filters=None
2026-06-01 08:49:59,472 | INFO | src.db | Executing SQL query:
SELECT
  f.`date_key` AS `date_key`,
  d1.`year` AS `year`,
  d1.`quarter` AS `quarter`,
  d1.`month` AS `month`,
  f.`product_key` AS `product_key`,
  d2.`brand` AS `brand`,
  d2.`product_name` AS `product_name`,
  d2.`category` AS `category`,
  f.`supplier_key` AS `supplier_key`,
  d3.`supplier_name` AS `supplier_name`,
  d3.`supplier_region` AS `supplier_region`,
  d3.`supplier_tier` AS `supplier_tier`,
  f.`buyer_key` AS `buyer_key`,
  d4.`buyer_name` AS `buyer_name`,
  d4.`department` AS `department`,
  d4.`buyer_region` AS `buyer_region`,
  SUM(f.`unit_cost`) AS `unit_cost`,
  SUM(f.`quantity`) AS `quantity`,
  SUM(f.`freight_cost`) AS `freight_cost`,
  SUM(f.`total_cost`) AS `total_cost`
FROM `testdata`.`gold`.`fact_purchases` f
LEFT JOIN `testdata`.`gold`.`dim_purchase_date` d1 ON f.`date_key` = d1.`date_key`
LEFT JOIN `testdata`.`gold`.`dim_purchase_product` d2 ON f.`product_key` = d2.`product_key`
LEFT JOIN `testdata`.`gold`.`dim_supplier` d3 ON f.`supplier_key` = d3.`supplier_key`
LEFT JOIN `testdata`.`gold`.`dim_buyer` d4 ON f.`buyer_key` = d4.`buyer_key`
GROUP BY
  f.`date_key`,
  d1.`year`,
  d1.`quarter`,
  d1.`month`,
  f.`product_key`,
  d2.`brand`,
  d2.`product_name`,
  d2.`category`,
  f.`supplier_key`,
  d3.`supplier_name`,
  d3.`supplier_region`,
  d3.`supplier_tier`,
  f.`buyer_key`,
  d4.`buyer_name`,
  d4.`department`,
  d4.`buyer_region`
LIMIT 1000
2026-06-01 08:50:00,365 | INFO | databricks.sql.client | Successfully opened session 01f15d86-1c04-1b7a-83b6-c0806c939a74
2026-06-01 08:50:01,564 | INFO | databricks.sql.client | Closing session 01f15d86-1c04-1b7a-83b6-c0806c939a74
2026-06-01 08:50:01,836 | INFO | src.db | Executing SQL query:
SELECT current_user() AS current_user
2026-06-01 08:50:02,407 | INFO | databricks.sql.client | Successfully opened session 01f15d86-1d3f-1c31-9ec5-86b778a22887
2026-06-01 08:50:02,819 | INFO | databricks.sql.client | Closing session 01f15d86-1d3f-1c31-9ec5-86b778a22887
Dash is running on http://0.0.0.0:8050/

2026-06-01 08:50:03,051 | INFO | dash.dash | Dash is running on http://0.0.0.0:8050/

 * Serving Flask app 'app'
 * Debug mode: on
2026-06-01 08:50:04,434 | INFO | src.db | Discovered model files: {'purchasing': PosixPath('/home/pralay/workspace/olap-pydash-app/models/purchasing.yaml'), 'sales': PosixPath('/home/pralay/workspace/olap-pydash-app/models/sales.yaml')}
2026-06-01 08:50:04,445 | INFO | src.db | Databricks config loaded: mode=sql, host=https://adb-3788779363860601.1.azuredatabricks.net/, catalog=testdata, schema=gold
2026-06-01 08:50:04,445 | INFO | src.db | Creating Databricks backend mode=sql for model=Purchasing Model
2026-06-01 08:50:04,445 | INFO | src.db | Initialized SQL backend for model=Purchasing Model
2026-06-01 08:50:04,446 | INFO | src.db | Building SQL for request: rows=[] columns=[] metrics=[] filters=None
2026-06-01 08:50:04,446 | INFO | src.db | Executing SQL query:
SELECT
  f.`date_key` AS `date_key`,
  d1.`year` AS `year`,
  d1.`quarter` AS `quarter`,
  d1.`month` AS `month`,
  f.`product_key` AS `product_key`,
  d2.`brand` AS `brand`,
  d2.`product_name` AS `product_name`,
  d2.`category` AS `category`,
  f.`supplier_key` AS `supplier_key`,
  d3.`supplier_name` AS `supplier_name`,
  d3.`supplier_region` AS `supplier_region`,
  d3.`supplier_tier` AS `supplier_tier`,
  f.`buyer_key` AS `buyer_key`,
  d4.`buyer_name` AS `buyer_name`,
  d4.`department` AS `department`,
  d4.`buyer_region` AS `buyer_region`,
  SUM(f.`unit_cost`) AS `unit_cost`,
  SUM(f.`quantity`) AS `quantity`,
  SUM(f.`freight_cost`) AS `freight_cost`,
  SUM(f.`total_cost`) AS `total_cost`
FROM `testdata`.`gold`.`fact_purchases` f
LEFT JOIN `testdata`.`gold`.`dim_purchase_date` d1 ON f.`date_key` = d1.`date_key`
LEFT JOIN `testdata`.`gold`.`dim_purchase_product` d2 ON f.`product_key` = d2.`product_key`
LEFT JOIN `testdata`.`gold`.`dim_supplier` d3 ON f.`supplier_key` = d3.`supplier_key`
LEFT JOIN `testdata`.`gold`.`dim_buyer` d4 ON f.`buyer_key` = d4.`buyer_key`
GROUP BY
  f.`date_key`,
  d1.`year`,
  d1.`quarter`,
  d1.`month`,
  f.`product_key`,
  d2.`brand`,
  d2.`product_name`,
  d2.`category`,
  f.`supplier_key`,
  d3.`supplier_name`,
  d3.`supplier_region`,
  d3.`supplier_tier`,
  f.`buyer_key`,
  d4.`buyer_name`,
  d4.`department`,
  d4.`buyer_region`
LIMIT 1000
2026-06-01 08:50:05,007 | INFO | databricks.sql.client | Successfully opened session 01f15d86-1ecb-1868-8703-b3475b096a32
2026-06-01 08:50:05,423 | INFO | databricks.sql.client | Closing session 01f15d86-1ecb-1868-8703-b3475b096a32
2026-06-01 08:50:05,642 | INFO | src.db | Executing SQL query:
SELECT current_user() AS current_user
2026-06-01 08:50:06,158 | INFO | databricks.sql.client | Successfully opened session 01f15d86-1f7d-1c6c-81d5-26aebb29bf22
2026-06-01 08:50:06,461 | INFO | databricks.sql.client | Closing session 01f15d86-1f7d-1c6c-81d5-26aebb29bf22
[on_grid_state_change] FIRED! triggered={'olap-grid.filterModel'}
[on_grid_state_change] filter_model raw={}
[on_grid_state_change] filter_trigger={'timestamp': 0}
2026-06-01 08:50:07,134 | INFO | src.db | Grid state change: model=purchasing rows=[] pivots=[] filters={} max_rows=1000 trigger={'olap-grid.filterModel'} raw_filter_model={}
2026-06-01 08:50:07,134 | INFO | src.db | Building SQL for request: rows=[] columns=[] metrics=[] filters=None
2026-06-01 08:50:07,135 | INFO | src.db | Executing SQL query:
SELECT
  f.`date_key` AS `date_key`,
  d1.`year` AS `year`,
  d1.`quarter` AS `quarter`,
  d1.`month` AS `month`,
  f.`product_key` AS `product_key`,
  d2.`brand` AS `brand`,
  d2.`product_name` AS `product_name`,
  d2.`category` AS `category`,
  f.`supplier_key` AS `supplier_key`,
  d3.`supplier_name` AS `supplier_name`,
  d3.`supplier_region` AS `supplier_region`,
  d3.`supplier_tier` AS `supplier_tier`,
  f.`buyer_key` AS `buyer_key`,
  d4.`buyer_name` AS `buyer_name`,
  d4.`department` AS `department`,
  d4.`buyer_region` AS `buyer_region`,
  SUM(f.`unit_cost`) AS `unit_cost`,
  SUM(f.`quantity`) AS `quantity`,
  SUM(f.`freight_cost`) AS `freight_cost`,
  SUM(f.`total_cost`) AS `total_cost`
FROM `testdata`.`gold`.`fact_purchases` f
LEFT JOIN `testdata`.`gold`.`dim_purchase_date` d1 ON f.`date_key` = d1.`date_key`
LEFT JOIN `testdata`.`gold`.`dim_purchase_product` d2 ON f.`product_key` = d2.`product_key`
LEFT JOIN `testdata`.`gold`.`dim_supplier` d3 ON f.`supplier_key` = d3.`supplier_key`
LEFT JOIN `testdata`.`gold`.`dim_buyer` d4 ON f.`buyer_key` = d4.`buyer_key`
GROUP BY
  f.`date_key`,
  d1.`year`,
  d1.`quarter`,
  d1.`month`,
  f.`product_key`,
  d2.`brand`,
  d2.`product_name`,
  d2.`category`,
  f.`supplier_key`,
  d3.`supplier_name`,
  d3.`supplier_region`,
  d3.`supplier_tier`,
  f.`buyer_key`,
  d4.`buyer_name`,
  d4.`department`,
  d4.`buyer_region`
LIMIT 1000
[on_grid_state_change] FIRED! triggered={'olap-grid.columnState'}
[on_grid_state_change] filter_model raw={}
[on_grid_state_change] filter_trigger={'timestamp': 0}
2026-06-01 08:50:07,582 | INFO | src.db | Parsed grid state into request: row_groups=['date_key', 'year', 'quarter', 'month', 'product_key', 'brand', 'product_name', 'category', 'supplier_key', 'supplier_name', 'supplier_region', 'supplier_tier', 'buyer_key', 'buyer_name', 'department', 'buyer_region', 'unit_cost', 'quantity', 'freight_cost', 'total_cost'], pivot_cols=[], max_rows=1000
2026-06-01 08:50:07,582 | INFO | src.db | Grid state change: model=purchasing rows=['date_key', 'year', 'quarter', 'month', 'product_key', 'brand', 'product_name', 'category', 'supplier_key', 'supplier_name', 'supplier_region', 'supplier_tier', 'buyer_key', 'buyer_name', 'department', 'buyer_region', 'unit_cost', 'quantity', 'freight_cost', 'total_cost'] pivots=[] filters={} max_rows=1000 trigger={'olap-grid.columnState'} raw_filter_model={}
2026-06-01 08:50:07,582 | INFO | src.db | Building SQL for request: rows=['date_key', 'year', 'quarter', 'month', 'product_key', 'brand', 'product_name', 'category', 'supplier_key', 'supplier_name', 'supplier_region', 'supplier_tier', 'buyer_key', 'buyer_name', 'department', 'buyer_region', 'unit_cost', 'quantity', 'freight_cost', 'total_cost'] columns=[] metrics=[] filters=None
2026-06-01 08:50:07,582 | INFO | src.db | Executing SQL query:
SELECT
  f.`date_key` AS `date_key`,
  d1.`year` AS `year`,
  d1.`quarter` AS `quarter`,
  d1.`month` AS `month`,
  f.`product_key` AS `product_key`,
  d2.`brand` AS `brand`,
  d2.`product_name` AS `product_name`,
  d2.`category` AS `category`,
  f.`supplier_key` AS `supplier_key`,
  d3.`supplier_name` AS `supplier_name`,
  d3.`supplier_region` AS `supplier_region`,
  d3.`supplier_tier` AS `supplier_tier`,
  f.`buyer_key` AS `buyer_key`,
  d4.`buyer_name` AS `buyer_name`,
  d4.`department` AS `department`,
  d4.`buyer_region` AS `buyer_region`,
  SUM(f.`unit_cost`) AS `unit_cost`,
  SUM(f.`quantity`) AS `quantity`,
  SUM(f.`freight_cost`) AS `freight_cost`,
  SUM(f.`total_cost`) AS `total_cost`
FROM `testdata`.`gold`.`fact_purchases` f
LEFT JOIN `testdata`.`gold`.`dim_purchase_date` d1 ON f.`date_key` = d1.`date_key`
LEFT JOIN `testdata`.`gold`.`dim_purchase_product` d2 ON f.`product_key` = d2.`product_key`
LEFT JOIN `testdata`.`gold`.`dim_supplier` d3 ON f.`supplier_key` = d3.`supplier_key`
LEFT JOIN `testdata`.`gold`.`dim_buyer` d4 ON f.`buyer_key` = d4.`buyer_key`
GROUP BY
  f.`date_key`,
  d1.`year`,
  d1.`quarter`,
  d1.`month`,
  f.`product_key`,
  d2.`brand`,
  d2.`product_name`,
  d2.`category`,
  f.`supplier_key`,
  d3.`supplier_name`,
  d3.`supplier_region`,
  d3.`supplier_tier`,
  f.`buyer_key`,
  d4.`buyer_name`,
  d4.`department`,
  d4.`buyer_region`
LIMIT 1000
2026-06-01 08:50:07,697 | INFO | databricks.sql.client | Successfully opened session 01f15d86-2063-1aa0-b0e6-55a2d4a3710b
2026-06-01 08:50:08,151 | INFO | databricks.sql.client | Successfully opened session 01f15d86-20a7-18db-bace-6cce7c2b1555
2026-06-01 08:50:08,209 | INFO | databricks.sql.client | Closing session 01f15d86-2063-1aa0-b0e6-55a2d4a3710b
2026-06-01 08:50:08,505 | INFO | src.db | Executing SQL query:
SELECT current_user() AS current_user
2026-06-01 08:50:08,597 | INFO | databricks.sql.client | Closing session 01f15d86-20a7-18db-bace-6cce7c2b1555
2026-06-01 08:50:08,875 | INFO | src.db | Executing SQL query:
SELECT current_user() AS current_user
2026-06-01 08:50:09,062 | INFO | databricks.sql.client | Successfully opened session 01f15d86-2139-160e-a110-94f1c984dea6
2026-06-01 08:50:09,392 | INFO | databricks.sql.client | Successfully opened session 01f15d86-2168-1070-8962-d34b77d65610
2026-06-01 08:50:09,452 | INFO | databricks.sql.client | Closing session 01f15d86-2139-160e-a110-94f1c984dea6
2026-06-01 08:50:09,696 | INFO | databricks.sql.client | Closing session 01f15d86-2168-1070-8962-d34b77d65610
2026-06-01 08:51:22,468 | INFO | src.db | Discovered model files: {'purchasing': PosixPath('/home/pralay/workspace/olap-pydash-app/models/purchasing.yaml'), 'sales': PosixPath('/home/pralay/workspace/olap-pydash-app/models/sales.yaml')}
2026-06-01 08:51:22,655 | INFO | src.db | Databricks config loaded: mode=sql, host=https://adb-3788779363860601.1.azuredatabricks.net/, catalog=testdata, schema=gold
2026-06-01 08:51:22,656 | INFO | src.db | Creating Databricks backend mode=sql for model=Purchasing Model
2026-06-01 08:51:22,656 | INFO | src.db | Initialized SQL backend for model=Purchasing Model
2026-06-01 08:51:22,656 | INFO | src.db | Building SQL for request: rows=[] columns=[] metrics=[] filters=None
2026-06-01 08:51:22,657 | INFO | src.db | Executing SQL query:
SELECT
  f.`date_key` AS `date_key`,
  d1.`year` AS `year`,
  d1.`quarter` AS `quarter`,
  d1.`month` AS `month`,
  f.`product_key` AS `product_key`,
  d2.`brand` AS `brand`,
  d2.`product_name` AS `product_name`,
  d2.`category` AS `category`,
  f.`supplier_key` AS `supplier_key`,
  d3.`supplier_name` AS `supplier_name`,
  d3.`supplier_region` AS `supplier_region`,
  d3.`supplier_tier` AS `supplier_tier`,
  f.`buyer_key` AS `buyer_key`,
  d4.`buyer_name` AS `buyer_name`,
  d4.`department` AS `department`,
  d4.`buyer_region` AS `buyer_region`,
  SUM(f.`unit_cost`) AS `unit_cost`,
  SUM(f.`quantity`) AS `quantity`,
  SUM(f.`freight_cost`) AS `freight_cost`,
  SUM(f.`total_cost`) AS `total_cost`
FROM `testdata`.`gold`.`fact_purchases` f
LEFT JOIN `testdata`.`gold`.`dim_purchase_date` d1 ON f.`date_key` = d1.`date_key`
LEFT JOIN `testdata`.`gold`.`dim_purchase_product` d2 ON f.`product_key` = d2.`product_key`
LEFT JOIN `testdata`.`gold`.`dim_supplier` d3 ON f.`supplier_key` = d3.`supplier_key`
LEFT JOIN `testdata`.`gold`.`dim_buyer` d4 ON f.`buyer_key` = d4.`buyer_key`
GROUP BY
  f.`date_key`,
  d1.`year`,
  d1.`quarter`,
  d1.`month`,
  f.`product_key`,
  d2.`brand`,
  d2.`product_name`,
  d2.`category`,
  f.`supplier_key`,
  d3.`supplier_name`,
  d3.`supplier_region`,
  d3.`supplier_tier`,
  f.`buyer_key`,
  d4.`buyer_name`,
  d4.`department`,
  d4.`buyer_region`
LIMIT 1000
2026-06-01 08:51:23,393 | INFO | databricks.sql.client | Successfully opened session 01f15d86-4d84-1896-b39d-76e8b0044eaf
2026-06-01 08:51:24,380 | INFO | databricks.sql.client | Closing session 01f15d86-4d84-1896-b39d-76e8b0044eaf
2026-06-01 08:51:24,608 | INFO | src.db | Executing SQL query:
SELECT current_user() AS current_user
2026-06-01 08:51:25,278 | INFO | databricks.sql.client | Successfully opened session 01f15d86-4e9e-1b9a-8ae4-d0946a77bf4f
2026-06-01 08:51:25,702 | INFO | databricks.sql.client | Closing session 01f15d86-4e9e-1b9a-8ae4-d0946a77bf4f
[on_grid_state_change] FIRED! triggered={'olap-grid.filterModel'}
[on_grid_state_change] filter_model raw={}
[on_grid_state_change] filter_trigger={'timestamp': 0}
2026-06-01 08:51:35,530 | INFO | src.db | Grid state change: model=purchasing rows=[] pivots=[] filters={} max_rows=1000 trigger={'olap-grid.filterModel'} raw_filter_model={}
2026-06-01 08:51:35,531 | INFO | src.db | Building SQL for request: rows=[] columns=[] metrics=[] filters=None
2026-06-01 08:51:35,532 | INFO | src.db | Executing SQL query:
SELECT
  f.`date_key` AS `date_key`,
  d1.`year` AS `year`,
  d1.`quarter` AS `quarter`,
  d1.`month` AS `month`,
  f.`product_key` AS `product_key`,
  d2.`brand` AS `brand`,
  d2.`product_name` AS `product_name`,
  d2.`category` AS `category`,
  f.`supplier_key` AS `supplier_key`,
  d3.`supplier_name` AS `supplier_name`,
  d3.`supplier_region` AS `supplier_region`,
  d3.`supplier_tier` AS `supplier_tier`,
  f.`buyer_key` AS `buyer_key`,
  d4.`buyer_name` AS `buyer_name`,
  d4.`department` AS `department`,
  d4.`buyer_region` AS `buyer_region`,
  SUM(f.`unit_cost`) AS `unit_cost`,
  SUM(f.`quantity`) AS `quantity`,
  SUM(f.`freight_cost`) AS `freight_cost`,
  SUM(f.`total_cost`) AS `total_cost`
FROM `testdata`.`gold`.`fact_purchases` f
LEFT JOIN `testdata`.`gold`.`dim_purchase_date` d1 ON f.`date_key` = d1.`date_key`
LEFT JOIN `testdata`.`gold`.`dim_purchase_product` d2 ON f.`product_key` = d2.`product_key`
LEFT JOIN `testdata`.`gold`.`dim_supplier` d3 ON f.`supplier_key` = d3.`supplier_key`
LEFT JOIN `testdata`.`gold`.`dim_buyer` d4 ON f.`buyer_key` = d4.`buyer_key`
GROUP BY
  f.`date_key`,
  d1.`year`,
  d1.`quarter`,
  d1.`month`,
  f.`product_key`,
  d2.`brand`,
  d2.`product_name`,
  d2.`category`,
  f.`supplier_key`,
  d3.`supplier_name`,
  d3.`supplier_region`,
  d3.`supplier_tier`,
  f.`buyer_key`,
  d4.`buyer_name`,
  d4.`department`,
  d4.`buyer_region`
LIMIT 1000
[on_grid_state_change] FIRED! triggered={'olap-grid.columnState'}
[on_grid_state_change] filter_model raw={}
[on_grid_state_change] filter_trigger={'timestamp': 0}
2026-06-01 08:51:36,213 | INFO | src.db | Parsed grid state into request: row_groups=[], pivot_cols=[], max_rows=1000
2026-06-01 08:51:36,213 | INFO | src.db | Grid state change: model=purchasing rows=[] pivots=[] filters={} max_rows=1000 trigger={'olap-grid.columnState'} raw_filter_model={}
2026-06-01 08:51:36,229 | INFO | src.db | Building SQL for request: rows=[] columns=[] metrics=[] filters=None
2026-06-01 08:51:36,230 | INFO | src.db | Executing SQL query:
SELECT
  f.`date_key` AS `date_key`,
  d1.`year` AS `year`,
  d1.`quarter` AS `quarter`,
  d1.`month` AS `month`,
  f.`product_key` AS `product_key`,
  d2.`brand` AS `brand`,
  d2.`product_name` AS `product_name`,
  d2.`category` AS `category`,
  f.`supplier_key` AS `supplier_key`,
  d3.`supplier_name` AS `supplier_name`,
  d3.`supplier_region` AS `supplier_region`,
  d3.`supplier_tier` AS `supplier_tier`,
  f.`buyer_key` AS `buyer_key`,
  d4.`buyer_name` AS `buyer_name`,
  d4.`department` AS `department`,
  d4.`buyer_region` AS `buyer_region`,
  SUM(f.`unit_cost`) AS `unit_cost`,
  SUM(f.`quantity`) AS `quantity`,
  SUM(f.`freight_cost`) AS `freight_cost`,
  SUM(f.`total_cost`) AS `total_cost`
FROM `testdata`.`gold`.`fact_purchases` f
LEFT JOIN `testdata`.`gold`.`dim_purchase_date` d1 ON f.`date_key` = d1.`date_key`
LEFT JOIN `testdata`.`gold`.`dim_purchase_product` d2 ON f.`product_key` = d2.`product_key`
LEFT JOIN `testdata`.`gold`.`dim_supplier` d3 ON f.`supplier_key` = d3.`supplier_key`
LEFT JOIN `testdata`.`gold`.`dim_buyer` d4 ON f.`buyer_key` = d4.`buyer_key`
GROUP BY
  f.`date_key`,
  d1.`year`,
  d1.`quarter`,
  d1.`month`,
  f.`product_key`,
  d2.`brand`,
  d2.`product_name`,
  d2.`category`,
  f.`supplier_key`,
  d3.`supplier_name`,
  d3.`supplier_region`,
  d3.`supplier_tier`,
  f.`buyer_key`,
  d4.`buyer_name`,
  d4.`department`,
  d4.`buyer_region`
LIMIT 1000
2026-06-01 08:51:36,243 | INFO | databricks.sql.client | Successfully opened session 01f15d86-5525-1fac-a371-4333bb1e2175
2026-06-01 08:51:36,868 | INFO | databricks.sql.client | Successfully opened session 01f15d86-558b-1584-93a8-9945cd3a2bc7
2026-06-01 08:51:36,978 | INFO | databricks.sql.client | Closing session 01f15d86-5525-1fac-a371-4333bb1e2175
2026-06-01 08:51:37,229 | INFO | src.db | Executing SQL query:
SELECT current_user() AS current_user
2026-06-01 08:51:37,612 | INFO | databricks.sql.client | Closing session 01f15d86-558b-1584-93a8-9945cd3a2bc7
2026-06-01 08:51:37,942 | INFO | src.db | Executing SQL query:
SELECT current_user() AS current_user
2026-06-01 08:51:38,012 | INFO | databricks.sql.client | Successfully opened session 01f15d86-562a-1d7a-9a04-f10120eccc4d
2026-06-01 08:51:38,438 | INFO | databricks.sql.client | Closing session 01f15d86-562a-1d7a-9a04-f10120eccc4d
2026-06-01 08:51:38,562 | INFO | databricks.sql.client | Successfully opened session 01f15d86-5691-181f-b1fc-3cc13a6c6156
2026-06-01 08:51:38,937 | INFO | databricks.sql.client | Closing session 01f15d86-5691-181f-b1fc-3cc13a6c6156
2026-06-01 08:59:53,924 | INFO | src.db | Discovered model files: {'purchasing': PosixPath('/home/pralay/workspace/olap-pydash-app/models/purchasing.yaml'), 'sales': PosixPath('/home/pralay/workspace/olap-pydash-app/models/sales.yaml')}
2026-06-01 08:59:53,935 | INFO | src.db | Databricks config loaded: mode=sql, host=https://adb-3788779363860601.1.azuredatabricks.net/, catalog=testdata, schema=gold
2026-06-01 08:59:53,935 | INFO | src.db | Creating Databricks backend mode=sql for model=Purchasing Model
2026-06-01 08:59:53,935 | INFO | src.db | Initialized SQL backend for model=Purchasing Model
2026-06-01 08:59:53,935 | INFO | src.db | Building SQL for request: rows=[] columns=[] metrics=[] filters=None
2026-06-01 08:59:53,935 | INFO | src.db | Executing SQL query:
SELECT
  f.`date_key` AS `date_key`,
  d1.`year` AS `year`,
  d1.`quarter` AS `quarter`,
  d1.`month` AS `month`,
  f.`product_key` AS `product_key`,
  d2.`brand` AS `brand`,
  d2.`product_name` AS `product_name`,
  d2.`category` AS `category`,
  f.`supplier_key` AS `supplier_key`,
  d3.`supplier_name` AS `supplier_name`,
  d3.`supplier_region` AS `supplier_region`,
  d3.`supplier_tier` AS `supplier_tier`,
  f.`buyer_key` AS `buyer_key`,
  d4.`buyer_name` AS `buyer_name`,
  d4.`department` AS `department`,
  d4.`buyer_region` AS `buyer_region`,
  SUM(f.`unit_cost`) AS `unit_cost`,
  SUM(f.`quantity`) AS `quantity`,
  SUM(f.`freight_cost`) AS `freight_cost`,
  SUM(f.`total_cost`) AS `total_cost`
FROM `testdata`.`gold`.`fact_purchases` f
LEFT JOIN `testdata`.`gold`.`dim_purchase_date` d1 ON f.`date_key` = d1.`date_key`
LEFT JOIN `testdata`.`gold`.`dim_purchase_product` d2 ON f.`product_key` = d2.`product_key`
LEFT JOIN `testdata`.`gold`.`dim_supplier` d3 ON f.`supplier_key` = d3.`supplier_key`
LEFT JOIN `testdata`.`gold`.`dim_buyer` d4 ON f.`buyer_key` = d4.`buyer_key`
GROUP BY
  f.`date_key`,
  d1.`year`,
  d1.`quarter`,
  d1.`month`,
  f.`product_key`,
  d2.`brand`,
  d2.`product_name`,
  d2.`category`,
  f.`supplier_key`,
  d3.`supplier_name`,
  d3.`supplier_region`,
  d3.`supplier_tier`,
  f.`buyer_key`,
  d4.`buyer_name`,
  d4.`department`,
  d4.`buyer_region`
LIMIT 1000
2026-06-01 08:59:59,791 | INFO | databricks.sql.client | Successfully opened session 01f15d87-814b-1f49-8ebf-ad655f79e300
2026-06-01 09:00:00,575 | INFO | databricks.sql.client | Closing session 01f15d87-814b-1f49-8ebf-ad655f79e300
2026-06-01 09:00:00,818 | INFO | src.db | Executing SQL query:
SELECT current_user() AS current_user
2026-06-01 09:00:01,359 | INFO | databricks.sql.client | Successfully opened session 01f15d87-8240-1f3c-8e0c-45219d072790
2026-06-01 09:00:01,737 | INFO | databricks.sql.client | Closing session 01f15d87-8240-1f3c-8e0c-45219d072790
[on_grid_state_change] FIRED! triggered={'olap-grid.filterModel'}
[on_grid_state_change] filter_model raw={}
[on_grid_state_change] filter_trigger={'timestamp': 0}
2026-06-01 09:00:03,279 | INFO | src.db | Grid state change: model=purchasing rows=[] pivots=[] filters={} max_rows=1000 trigger={'olap-grid.filterModel'} raw_filter_model={}
2026-06-01 09:00:03,280 | INFO | src.db | Building SQL for request: rows=[] columns=[] metrics=[] filters=None
2026-06-01 09:00:03,280 | INFO | src.db | Executing SQL query:
SELECT
  f.`date_key` AS `date_key`,
  d1.`year` AS `year`,
  d1.`quarter` AS `quarter`,
  d1.`month` AS `month`,
  f.`product_key` AS `product_key`,
  d2.`brand` AS `brand`,
  d2.`product_name` AS `product_name`,
  d2.`category` AS `category`,
  f.`supplier_key` AS `supplier_key`,
  d3.`supplier_name` AS `supplier_name`,
  d3.`supplier_region` AS `supplier_region`,
  d3.`supplier_tier` AS `supplier_tier`,
  f.`buyer_key` AS `buyer_key`,
  d4.`buyer_name` AS `buyer_name`,
  d4.`department` AS `department`,
  d4.`buyer_region` AS `buyer_region`,
  SUM(f.`unit_cost`) AS `unit_cost`,
  SUM(f.`quantity`) AS `quantity`,
  SUM(f.`freight_cost`) AS `freight_cost`,
  SUM(f.`total_cost`) AS `total_cost`
FROM `testdata`.`gold`.`fact_purchases` f
LEFT JOIN `testdata`.`gold`.`dim_purchase_date` d1 ON f.`date_key` = d1.`date_key`
LEFT JOIN `testdata`.`gold`.`dim_purchase_product` d2 ON f.`product_key` = d2.`product_key`
LEFT JOIN `testdata`.`gold`.`dim_supplier` d3 ON f.`supplier_key` = d3.`supplier_key`
LEFT JOIN `testdata`.`gold`.`dim_buyer` d4 ON f.`buyer_key` = d4.`buyer_key`
GROUP BY
  f.`date_key`,
  d1.`year`,
  d1.`quarter`,
  d1.`month`,
  f.`product_key`,
  d2.`brand`,
  d2.`product_name`,
  d2.`category`,
  f.`supplier_key`,
  d3.`supplier_name`,
  d3.`supplier_region`,
  d3.`supplier_tier`,
  f.`buyer_key`,
  d4.`buyer_name`,
  d4.`department`,
  d4.`buyer_region`
LIMIT 1000
[on_grid_state_change] FIRED! triggered={'olap-grid.columnState'}
[on_grid_state_change] filter_model raw={}
[on_grid_state_change] filter_trigger={'timestamp': 0}
2026-06-01 09:00:03,695 | INFO | src.db | Parsed grid state into request: row_groups=['date_key', 'year', 'quarter', 'month', 'product_key', 'brand', 'product_name', 'category', 'supplier_key', 'supplier_name', 'supplier_region', 'supplier_tier', 'buyer_key', 'buyer_name', 'department', 'buyer_region', 'unit_cost', 'quantity', 'freight_cost', 'total_cost'], pivot_cols=[], max_rows=1000
2026-06-01 09:00:03,695 | INFO | src.db | Grid state change: model=purchasing rows=['date_key', 'year', 'quarter', 'month', 'product_key', 'brand', 'product_name', 'category', 'supplier_key', 'supplier_name', 'supplier_region', 'supplier_tier', 'buyer_key', 'buyer_name', 'department', 'buyer_region', 'unit_cost', 'quantity', 'freight_cost', 'total_cost'] pivots=[] filters={} max_rows=1000 trigger={'olap-grid.columnState'} raw_filter_model={}
2026-06-01 09:00:03,696 | INFO | src.db | Building SQL for request: rows=['date_key', 'year', 'quarter', 'month', 'product_key', 'brand', 'product_name', 'category', 'supplier_key', 'supplier_name', 'supplier_region', 'supplier_tier', 'buyer_key', 'buyer_name', 'department', 'buyer_region', 'unit_cost', 'quantity', 'freight_cost', 'total_cost'] columns=[] metrics=[] filters=None
2026-06-01 09:00:03,696 | INFO | src.db | Executing SQL query:
SELECT
  f.`date_key` AS `date_key`,
  d1.`year` AS `year`,
  d1.`quarter` AS `quarter`,
  d1.`month` AS `month`,
  f.`product_key` AS `product_key`,
  d2.`brand` AS `brand`,
  d2.`product_name` AS `product_name`,
  d2.`category` AS `category`,
  f.`supplier_key` AS `supplier_key`,
  d3.`supplier_name` AS `supplier_name`,
  d3.`supplier_region` AS `supplier_region`,
  d3.`supplier_tier` AS `supplier_tier`,
  f.`buyer_key` AS `buyer_key`,
  d4.`buyer_name` AS `buyer_name`,
  d4.`department` AS `department`,
  d4.`buyer_region` AS `buyer_region`,
  SUM(f.`unit_cost`) AS `unit_cost`,
  SUM(f.`quantity`) AS `quantity`,
  SUM(f.`freight_cost`) AS `freight_cost`,
  SUM(f.`total_cost`) AS `total_cost`
FROM `testdata`.`gold`.`fact_purchases` f
LEFT JOIN `testdata`.`gold`.`dim_purchase_date` d1 ON f.`date_key` = d1.`date_key`
LEFT JOIN `testdata`.`gold`.`dim_purchase_product` d2 ON f.`product_key` = d2.`product_key`
LEFT JOIN `testdata`.`gold`.`dim_supplier` d3 ON f.`supplier_key` = d3.`supplier_key`
LEFT JOIN `testdata`.`gold`.`dim_buyer` d4 ON f.`buyer_key` = d4.`buyer_key`
GROUP BY
  f.`date_key`,
  d1.`year`,
  d1.`quarter`,
  d1.`month`,
  f.`product_key`,
  d2.`brand`,
  d2.`product_name`,
  d2.`category`,
  f.`supplier_key`,
  d3.`supplier_name`,
  d3.`supplier_region`,
  d3.`supplier_tier`,
  f.`buyer_key`,
  d4.`buyer_name`,
  d4.`department`,
  d4.`buyer_region`
LIMIT 1000
2026-06-01 09:00:03,909 | INFO | databricks.sql.client | Successfully opened session 01f15d87-83c3-1bed-bb87-d93175708a8b
2026-06-01 09:00:04,284 | INFO | databricks.sql.client | Successfully opened session 01f15d87-83fe-1a8f-bfe4-932a59915ea0
2026-06-01 09:00:04,434 | INFO | databricks.sql.client | Closing session 01f15d87-83c3-1bed-bb87-d93175708a8b
2026-06-01 09:00:04,704 | INFO | src.db | Executing SQL query:
SELECT current_user() AS current_user
2026-06-01 09:00:04,920 | INFO | databricks.sql.client | Closing session 01f15d87-83fe-1a8f-bfe4-932a59915ea0
2026-06-01 09:00:05,143 | INFO | src.db | Executing SQL query:
SELECT current_user() AS current_user
2026-06-01 09:00:05,315 | INFO | databricks.sql.client | Successfully opened session 01f15d87-849b-1278-b025-96176899e615
2026-06-01 09:00:05,751 | INFO | databricks.sql.client | Closing session 01f15d87-849b-1278-b025-96176899e615
2026-06-01 09:00:05,983 | INFO | databricks.sql.client | Successfully opened session 01f15d87-84d6-1647-ac6c-7e9d9f73e1a5
2026-06-01 09:00:06,329 | INFO | databricks.sql.client | Closing session 01f15d87-84d6-1647-ac6c-7e9d9f73e1a5
